
> oog-terminal@1.0.0 build
> next build

   Creating an optimized production build ...
 ⚠ Failed to minify the stylesheet for https://fonts.googleapis.com/css2?family=Inter:opsz,wght@14..32,300;400;500;600;700&display=swap. Skipped optimizing this font.
CssSyntaxError: <css input>:1:114: Missed semicolon
    at Input.error (/data/data/com.termux/files/home/oog-terminal/node_modules/postcss/lib/input.js:106:16)
    at Parser.checkMissedSemicolon (/data/data/com.termux/files/home/oog-terminal/node_modules/postcss/lib/parser.js:139:22)
    at Parser.decl (/data/data/com.termux/files/home/oog-terminal/node_modules/postcss/lib/parser.js:297:12)
    at Parser.other (/data/data/com.termux/files/home/oog-terminal/node_modules/postcss/lib/parser.js:434:12)
    at Parser.parse (/data/data/com.termux/files/home/oog-terminal/node_modules/postcss/lib/parser.js:471:16)
    at parse (/data/data/com.termux/files/home/oog-terminal/node_modules/postcss/lib/parse.js:11:12)
    at new LazyResult (/data/data/com.termux/files/home/oog-terminal/node_modules/postcss/lib/lazy-result.js:133:16)
    at Processor.process (/data/data/com.termux/files/home/oog-terminal/node_modules/postcss/lib/processor.js:53:14)
    at minifyCss (/data/data/com.termux/files/home/oog-terminal/node_modules/next/dist/build/webpack/plugins/font-stylesheet-gathering-plugin.js:70:8)
    at /data/data/com.termux/files/home/oog-terminal/node_modules/next/dist/build/webpack/plugins/font-stylesheet-gathering-plugin.js:194:51 {
  reason: 'Missed semicolon',
  source: `<!DOCTYPE html><html lang=en><head><script>window['ppConfig'] = {productName: 'bcfae741e379a885f2ab2cf83ebe6d32', deleteIsEnforced:  false , sealIsEnforced:  false , heartbeatRate:  0.5 , periodicReportingRateMillis:  60000.0 , disableAllReporting:  false };(function(){'use strict';function k(a){var b=0;return function(){return b<a.length?{done:!1,value:a[b++]}:{done:!0}}}function l(a){var b=typeof Symbol!="undefined"&&Symbol.iterator&&a[Symbol.iterator];if(b)return b.call(a);if(typeof a.length=="number")return{next:k(a)};throw Error(String(a)+" is not an iterable or ArrayLike");}var m=typeof Object.defineProperties=="function"?Object.defineProperty:function(a,b,c){if(a==Array.prototype||a==Object.prototype)return a;a[b]=c.value;return a};\n` +
    'function n(a){a=["object"==typeof globalThis&&globalThis,a,"object"==typeof window&&window,"object"==typeof self&&self,"object"==typeof global&&global];for(var b=0;b<a.length;++b){var c=a[b];if(c&&c.Math==Math)return c}throw Error("Cannot find global object");}var p=n(this);function q(a,b){if(b)a:{var c=p;a=a.split(".");for(var d=0;d<a.length-1;d++){var e=a[d];if(!(e in c))break a;c=c[e]}a=a[a.length-1];d=c[a];b=b(d);b!=d&&b!=null&&m(c,a,{configurable:!0,writable:!0,value:b})}}\n' +
    'q("Object.is",function(a){return a?a:function(b,c){return b===c?b!==0||1/b===1/c:b!==b&&c!==c}});q("Array.prototype.includes",function(a){return a?a:function(b,c){var d=this;d instanceof String&&(d=String(d));var e=d.length;c=c||0;for(c<0&&(c=Math.max(c+e,0));c<e;c++){var f=d[c];if(f===b||Object.is(f,b))return!0}return!1}});\n' +
    `q("String.prototype.includes",function(a){return a?a:function(b,c){if(this==null)throw new TypeError("The 'this' value for String.prototype.includes must not be null or undefined");if(b instanceof RegExp)throw new TypeError("First argument to String.prototype.includes must not be a regular expression");return this.indexOf(b,c||0)!==-1}});function r(a,b,c){a("https://csp.withgoogle.com/csp/proto/"+encodeURIComponent(b),JSON.stringify(c))}function t(){var a;if((a=window.ppConfig)==null?0:a.disableAllReporting)return function(){};var b,c,d,e;return(e=(b=window)==null?void 0:(c=b.navigator)==null?void 0:(d=c.sendBeacon)==null?void 0:d.bind(navigator))!=null?e:u}function u(a,b){var c=new XMLHttpRequest;c.open("POST",a);c.send(b)}\n` +
    'function v(){var a=(w=Object.prototype)==null?void 0:w.__lookupGetter__("__proto__"),b=x,c=y;return function(){var d=a.call(this),e,f,g,h;r(c,b,{type:"ACCESS_GET",origin:(f=window.location.origin)!=null?f:"unknown",report:{className:(g=d==null?void 0:(e=d.constructor)==null?void 0:e.name)!=null?g:"unknown",stackTrace:(h=Error().stack)!=null?h:"unknown"}});return d}}\n' +
    'function z(){var a=(A=Object.prototype)==null?void 0:A.__lookupSetter__("__proto__"),b=x,c=y;return function(d){d=a.call(this,d);var e,f,g,h;r(c,b,{type:"ACCESS_SET",origin:(f=window.location.origin)!=null?f:"unknown",report:{className:(g=d==null?void 0:(e=d.constructor)==null?void 0:e.name)!=null?g:"unknown",stackTrace:(h=Error().stack)!=null?h:"unknown"}});return d}}function B(a,b){C(a.productName,b);setInterval(function(){C(a.productName,b)},a.periodicReportingRateMillis)}\n' +
    'var D="constructor __defineGetter__ __defineSetter__ hasOwnProperty __lookupGetter__ __lookupSetter__ isPrototypeOf propertyIsEnumerable toString valueOf __proto__ toLocaleString x_ngfn_x".split(" "),E=D.concat,F=navigator.userAgent.match(/Firefox\\/([0-9]+)\\./),G=(!F||F.length<2?0:Number(F[1])<75)?["toSource"]:[],H;if(G instanceof Array)H=G;else{for(var I=l(G),J,K=[];!(J=I.next()).done;)K.push(J.value);H=K}var L=E.call(D,H),M=[];\n' +
    'function C(a,b){for(var c=[],d=l(Object.getOwnPropertyNames(Object.prototype)),e=d.next();!e.done;e=d.next())e=e.value,L.includes(e)||M.includes(e)||c.push(e);e=Object.prototype;d=[];for(var f=0;f<c.length;f++){var g=c[f];d[f]={name:g,descriptor:Object.getOwnPropertyDescriptor(Object.prototype,g),type:typeof e[g]}}if(d.length!==0){c=l(d);for(e=c.next();!e.done;e=c.next())M.push(e.value.name);var h;r(b,a,{type:"SEAL",origin:(h=window.location.origin)!=null?h:"unknown",report:{blockers:d}})}};var N=Math.random(),O=t(),P=window.ppConfig;P&&(P.disableAllReporting||P.deleteIsEnforced&&P.sealIsEnforced||N<P.heartbeatRate&&r(O,P.productName,{origin:window.location.origin,type:"HEARTBEAT"}));var y=t(),Q=window.ppConfig;if(Q)if(Q.deleteIsEnforced)delete Object.prototype.__proto__;else if(!Q.disableAllReporting){var x=Q.productName;try{var w,A;Object.defineProperty(Object.prototype,"__proto__",{enumerable:!1,get:v(),set:z()})}catch(a){}}\n' +
    '(function(){var a=t(),b=window.ppConfig;b&&(b.sealIsEnforced?Object.seal(Object.prototype):b.disableAllReporting||(document.readyState!=="loading"?B(b,a):document.addEventListener("DOMContentLoaded",function(){B(b,a)})))})();}).call(this);\n' +
    '</script><meta charset=utf-8><title>400: Invalid selector</title><link href="//fonts.googleapis.com/css?family=Open+Sans:300,400" rel="stylesheet" type="text/css"/><style>\n' +
    '      * {\n' +
    '        margin: 0;\n' +
    '        padding: 0;\n' +
    '      }\n' +
    '      html,code {\n' +
    '        font: 15px/22px arial,sans-serif;\n' +
    '      }\n' +
    '      html {\n' +
    '        background: #fff;\n' +
    '        color: #222;\n' +
    '        padding: 15px;\n' +
    '      }\n' +
    '      body {\n' +
    '        background: 100% 5px no-repeat;\n' +
    '        margin-top: 0;\n' +
    '        max-width: none:\n' +
    '        min-height: 180px;\n' +
    '        padding: 30px 0 15px;\n' +
    '      }\n' +
    '      * > body {\n' +
    '        padding-right: 205px;\n' +
    '      }\n' +
    '      p {\n' +
    '        margin: 22px 0 0;\n' +
    '        overflow: hidden;\n' +
    '      }\n' +
    '      ins {\n' +
    '        text-decoration: none;\n' +
    '      }\n' +
    '      ins {\n' +
    '        color: #777;\n' +
    '      }\n' +
    '      /* Google Fonts logo styling*/\n' +
    '      .projectLogo a {\n' +
    '        font-family: "Open Sans", arial, sans-serif;\n' +
    '        font-size: 32px;\n' +
    '        font-weight: 300;\n' +
    '        color: #63666a;\n' +
    '        line-height: 1.375;\n' +
    '        text-decoration: none;\n' +
    '      }\n' +
    '      .projectLogo img {\n' +
    '        margin: -1px 0 -4px;\n' +
    '        vertical-align: middle;\n' +
    '      }\n' +
    '    </style></head><body><h1 id="g" class="projectLogo"><a href="//www.google.com/fonts"><img src="//www.google.com/images/logos/google_logo_41.png" alt="Google"/> Fonts</a></h1><p><b>400:</b>&nbsp;<ins>Invalid selector</ins></p><p>Number of intervals in tuple does not equal number of axes in axisList of request</p><pre>Inter:opsz,wght@14..32,300;400;500;600;700\n' +
    `                              ^</pre><p><ins>For reference, see the <a href="https://developers.google.com/fonts/docs/getting_started">Google Fonts API documentation</a>.</ins></p></body></html><!DOCTYPE html><html lang=en><head><script>window['ppConfig'] = {productName: 'bcfae741e379a885f2ab2cf83ebe6d32', deleteIsEnforced:  false , sealIsEnforced:  false , heartbeatRate:  0.5 , periodicReportingRateMillis:  60000.0 , disableAllReporting:  false };(function(){'use strict';function k(a){var b=0;return function(){return b<a.length?{done:!1,value:a[b++]}:{done:!0}}}function l(a){var b=typeof Symbol!="undefined"&&Symbol.iterator&&a[Symbol.iterator];if(b)return b.call(a);if(typeof a.length=="number")return{next:k(a)};throw Error(String(a)+" is not an iterable or ArrayLike");}var m=typeof Object.defineProperties=="function"?Object.defineProperty:function(a,b,c){if(a==Array.prototype||a==Object.prototype)return a;a[b]=c.value;return a};\n` +
    'function n(a){a=["object"==typeof globalThis&&globalThis,a,"object"==typeof window&&window,"object"==typeof self&&self,"object"==typeof global&&global];for(var b=0;b<a.length;++b){var c=a[b];if(c&&c.Math==Math)return c}throw Error("Cannot find global object");}var p=n(this);function q(a,b){if(b)a:{var c=p;a=a.split(".");for(var d=0;d<a.length-1;d++){var e=a[d];if(!(e in c))break a;c=c[e]}a=a[a.length-1];d=c[a];b=b(d);b!=d&&b!=null&&m(c,a,{configurable:!0,writable:!0,value:b})}}\n' +
    'q("Object.is",function(a){return a?a:function(b,c){return b===c?b!==0||1/b===1/c:b!==b&&c!==c}});q("Array.prototype.includes",function(a){return a?a:function(b,c){var d=this;d instanceof String&&(d=String(d));var e=d.length;c=c||0;for(c<0&&(c=Math.max(c+e,0));c<e;c++){var f=d[c];if(f===b||Object.is(f,b))return!0}return!1}});\n' +
    `q("String.prototype.includes",function(a){return a?a:function(b,c){if(this==null)throw new TypeError("The 'this' value for String.prototype.includes must not be null or undefined");if(b instanceof RegExp)throw new TypeError("First argument to String.prototype.includes must not be a regular expression");return this.indexOf(b,c||0)!==-1}});function r(a,b,c){a("https://csp.withgoogle.com/csp/proto/"+encodeURIComponent(b),JSON.stringify(c))}function t(){var a;if((a=window.ppConfig)==null?0:a.disableAllReporting)return function(){};var b,c,d,e;return(e=(b=window)==null?void 0:(c=b.navigator)==null?void 0:(d=c.sendBeacon)==null?void 0:d.bind(navigator))!=null?e:u}function u(a,b){var c=new XMLHttpRequest;c.open("POST",a);c.send(b)}\n` +
    'function v(){var a=(w=Object.prototype)==null?void 0:w.__lookupGetter__("__proto__"),b=x,c=y;return function(){var d=a.call(this),e,f,g,h;r(c,b,{type:"ACCESS_GET",origin:(f=window.location.origin)!=null?f:"unknown",report:{className:(g=d==null?void 0:(e=d.constructor)==null?void 0:e.name)!=null?g:"unknown",stackTrace:(h=Error().stack)!=null?h:"unknown"}});return d}}\n' +
    'function z(){var a=(A=Object.prototype)==null?void 0:A.__lookupSetter__("__proto__"),b=x,c=y;return function(d){d=a.call(this,d);var e,f,g,h;r(c,b,{type:"ACCESS_SET",origin:(f=window.location.origin)!=null?f:"unknown",report:{className:(g=d==null?void 0:(e=d.constructor)==null?void 0:e.name)!=null?g:"unknown",stackTrace:(h=Error().stack)!=null?h:"unknown"}});return d}}function B(a,b){C(a.productName,b);setInterval(function(){C(a.productName,b)},a.periodicReportingRateMillis)}\n' +
    'var D="constructor __defineGetter__ __defineSetter__ hasOwnProperty __lookupGetter__ __lookupSetter__ isPrototypeOf propertyIsEnumerable toString valueOf __proto__ toLocaleString x_ngfn_x".split(" "),E=D.concat,F=navigator.userAgent.match(/Firefox\\/([0-9]+)\\./),G=(!F||F.length<2?0:Number(F[1])<75)?["toSource"]:[],H;if(G instanceof Array)H=G;else{for(var I=l(G),J,K=[];!(J=I.next()).done;)K.push(J.value);H=K}var L'... 2880 more characters,
  line: 1,
  column: 114,
  input: {
    column: 114,
    endColumn: undefined,
    endLine: undefined,
    line: 1,
    source: `<!DOCTYPE html><html lang=en><head><script>window['ppConfig'] = {productName: 'bcfae741e379a885f2ab2cf83ebe6d32', deleteIsEnforced:  false , sealIsEnforced:  false , heartbeatRate:  0.5 , periodicReportingRateMillis:  60000.0 , disableAllReporting:  false };(function(){'use strict';function k(a){var b=0;return function(){return b<a.length?{done:!1,value:a[b++]}:{done:!0}}}function l(a){var b=typeof Symbol!="undefined"&&Symbol.iterator&&a[Symbol.iterator];if(b)return b.call(a);if(typeof a.length=="number")return{next:k(a)};throw Error(String(a)+" is not an iterable or ArrayLike");}var m=typeof Object.defineProperties=="function"?Object.defineProperty:function(a,b,c){if(a==Array.prototype||a==Object.prototype)return a;a[b]=c.value;return a};\n` +
      'function n(a){a=["object"==typeof globalThis&&globalThis,a,"object"==typeof window&&window,"object"==typeof self&&self,"object"==typeof global&&global];for(var b=0;b<a.length;++b){var c=a[b];if(c&&c.Math==Math)return c}throw Error("Cannot find global object");}var p=n(this);function q(a,b){if(b)a:{var c=p;a=a.split(".");for(var d=0;d<a.length-1;d++){var e=a[d];if(!(e in c))break a;c=c[e]}a=a[a.length-1];d=c[a];b=b(d);b!=d&&b!=null&&m(c,a,{configurable:!0,writable:!0,value:b})}}\n' +
      'q("Object.is",function(a){return a?a:function(b,c){return b===c?b!==0||1/b===1/c:b!==b&&c!==c}});q("Array.prototype.includes",function(a){return a?a:function(b,c){var d=this;d instanceof String&&(d=String(d));var e=d.length;c=c||0;for(c<0&&(c=Math.max(c+e,0));c<e;c++){var f=d[c];if(f===b||Object.is(f,b))return!0}return!1}});\n' +
      `q("String.prototype.includes",function(a){return a?a:function(b,c){if(this==null)throw new TypeError("The 'this' value for String.prototype.includes must not be null or undefined");if(b instanceof RegExp)throw new TypeError("First argument to String.prototype.includes must not be a regular expression");return this.indexOf(b,c||0)!==-1}});function r(a,b,c){a("https://csp.withgoogle.com/csp/proto/"+encodeURIComponent(b),JSON.stringify(c))}function t(){var a;if((a=window.ppConfig)==null?0:a.disableAllReporting)return function(){};var b,c,d,e;return(e=(b=window)==null?void 0:(c=b.navigator)==null?void 0:(d=c.sendBeacon)==null?void 0:d.bind(navigator))!=null?e:u}function u(a,b){var c=new XMLHttpRequest;c.open("POST",a);c.send(b)}\n` +
      'function v(){var a=(w=Object.prototype)==null?void 0:w.__lookupGetter__("__proto__"),b=x,c=y;return function(){var d=a.call(this),e,f,g,h;r(c,b,{type:"ACCESS_GET",origin:(f=window.location.origin)!=null?f:"unknown",report:{className:(g=d==null?void 0:(e=d.constructor)==null?void 0:e.name)!=null?g:"unknown",stackTrace:(h=Error().stack)!=null?h:"unknown"}});return d}}\n' +
      'function z(){var a=(A=Object.prototype)==null?void 0:A.__lookupSetter__("__proto__"),b=x,c=y;return function(d){d=a.call(this,d);var e,f,g,h;r(c,b,{type:"ACCESS_SET",origin:(f=window.location.origin)!=null?f:"unknown",report:{className:(g=d==null?void 0:(e=d.constructor)==null?void 0:e.name)!=null?g:"unknown",stackTrace:(h=Error().stack)!=null?h:"unknown"}});return d}}function B(a,b){C(a.productName,b);setInterval(function(){C(a.productName,b)},a.periodicReportingRateMillis)}\n' +
      'var D="constructor __defineGetter__ __defineSetter__ hasOwnProperty __lookupGetter__ __lookupSetter__ isPrototypeOf propertyIsEnumerable toString valueOf __proto__ toLocaleString x_ngfn_x".split(" "),E=D.concat,F=navigator.userAgent.match(/Firefox\\/([0-9]+)\\./),G=(!F||F.length<2?0:Number(F[1])<75)?["toSource"]:[],H;if(G instanceof Array)H=G;else{for(var I=l(G),J,K=[];!(J=I.next()).done;)K.push(J.value);H=K}var L=E.call(D,H),M=[];\n' +
      'function C(a,b){for(var c=[],d=l(Object.getOwnPropertyNames(Object.prototype)),e=d.next();!e.done;e=d.next())e=e.value,L.includes(e)||M.includes(e)||c.push(e);e=Object.prototype;d=[];for(var f=0;f<c.length;f++){var g=c[f];d[f]={name:g,descriptor:Object.getOwnPropertyDescriptor(Object.prototype,g),type:typeof e[g]}}if(d.length!==0){c=l(d);for(e=c.next();!e.done;e=c.next())M.push(e.value.name);var h;r(b,a,{type:"SEAL",origin:(h=window.location.origin)!=null?h:"unknown",report:{blockers:d}})}};var N=Math.random(),O=t(),P=window.ppConfig;P&&(P.disableAllReporting||P.deleteIsEnforced&&P.sealIsEnforced||N<P.heartbeatRate&&r(O,P.productName,{origin:window.location.origin,type:"HEARTBEAT"}));var y=t(),Q=window.ppConfig;if(Q)if(Q.deleteIsEnforced)delete Object.prototype.__proto__;else if(!Q.disableAllReporting){var x=Q.productName;try{var w,A;Object.defineProperty(Object.prototype,"__proto__",{enumerable:!1,get:v(),set:z()})}catch(a){}}\n' +
      '(function(){var a=t(),b=window.ppConfig;b&&(b.sealIsEnforced?Object.seal(Object.prototype):b.disableAllReporting||(document.readyState!=="loading"?B(b,a):document.addEventListener("DOMContentLoaded",function(){B(b,a)})))})();}).call(this);\n' +
      '</script><meta charset=utf-8><title>400: Invalid selector</title><link href="//fonts.googleapis.com/css?family=Open+Sans:300,400" rel="stylesheet" type="text/css"/><style>\n' +
      '      * {\n' +
      '        margin: 0;\n' +
      '        padding: 0;\n' +
      '      }\n' +
      '      html,code {\n' +
      '        font: 15px/22px arial,sans-serif;\n' +
      '      }\n' +
      '      html {\n' +
      '        background: #fff;\n' +
      '        color: #222;\n' +
      '        padding: 15px;\n' +
      '      }\n' +
      '      body {\n' +
      '        background: 100% 5px no-repeat;\n' +
      '        margin-top: 0;\n' +
      '        max-width: none:\n' +
      '        min-height: 180px;\n' +
      '        padding: 30px 0 15px;\n' +
      '      }\n' +
      '      * > body {\n' +
      '        padding-right: 205px;\n' +
      '      }\n' +
      '      p {\n' +
      '        margin: 22px 0 0;\n' +
      '        overflow: hidden;\n' +
      '      }\n' +
      '      ins {\n' +
      '        text-decoration: none;\n' +
      '      }\n' +
      '      ins {\n' +
      '        color: #777;\n' +
      '      }\n' +
      '      /* Google Fonts logo styling*/\n' +
      '      .projectLogo a {\n' +
      '        font-family: "Open Sans", arial, sans-serif;\n' +
      '        font-size: 32px;\n' +
      '        font-weight: 300;\n' +
      '        color: #63666a;\n' +
      '        line-height: 1.375;\n' +
      '        text-decoration: none;\n' +
      '      }\n' +
      '      .projectLogo img {\n' +
      '        margin: -1px 0 -4px;\n' +
      '        vertical-align: middle;\n' +
      '      }\n' +
      '    </style></head><body><h1 id="g" class="projectLogo"><a href="//www.google.com/fonts"><img src="//www.google.com/images/logos/google_logo_41.png" alt="Google"/> Fonts</a></h1><p><b>400:</b>&nbsp;<ins>Invalid selector</ins></p><p>Number of intervals in tuple does not equal number of axes in axisList of request</p><pre>Inter:opsz,wght@14..32,300;400;500;600;700\n' +
      `                              ^</pre><p><ins>For reference, see the <a href="https://developers.google.com/fonts/docs/getting_started">Google Fonts API documentation</a>.</ins></p></body></html><!DOCTYPE html><html lang=en><head><script>window['ppConfig'] = {productName: 'bcfae741e379a885f2ab2cf83ebe6d32', deleteIsEnforced:  false , sealIsEnforced:  false , heartbeatRate:  0.5 , periodicReportingRateMillis:  60000.0 , disableAllReporting:  false };(function(){'use strict';function k(a){var b=0;return function(){return b<a.length?{done:!1,value:a[b++]}:{done:!0}}}function l(a){var b=typeof Symbol!="undefined"&&Symbol.iterator&&a[Symbol.iterator];if(b)return b.call(a);if(typeof a.length=="number")return{next:k(a)};throw Error(String(a)+" is not an iterable or ArrayLike");}var m=typeof Object.defineProperties=="function"?Object.defineProperty:function(a,b,c){if(a==Array.prototype||a==Object.prototype)return a;a[b]=c.value;return a};\n` +
      'function n(a){a=["object"==typeof globalThis&&globalThis,a,"object"==typeof window&&window,"object"==typeof self&&self,"object"==typeof global&&global];for(var b=0;b<a.length;++b){var c=a[b];if(c&&c.Math==Math)return c}throw Error("Cannot find global object");}var p=n(this);function q(a,b){if(b)a:{var c=p;a=a.split(".");for(var d=0;d<a.length-1;d++){var e=a[d];if(!(e in c))break a;c=c[e]}a=a[a.length-1];d=c[a];b=b(d);b!=d&&b!=null&&m(c,a,{configurable:!0,writable:!0,value:b})}}\n' +
      'q("Object.is",function(a){return a?a:function(b,c){return b===c?b!==0||1/b===1/c:b!==b&&c!==c}});q("Array.prototype.includes",function(a){return a?a:function(b,c){var d=this;d instanceof String&&(d=String(d));var e=d.length;c=c||0;for(c<0&&(c=Math.max(c+e,0));c<e;c++){var f=d[c];if(f===b||Object.is(f,b))return!0}return!1}});\n' +
      `q("String.prototype.includes",function(a){return a?a:function(b,c){if(this==null)throw new TypeError("The 'this' value for String.prototype.includes must not be null or undefined");if(b instanceof RegExp)throw new TypeError("First argument to String.prototype.includes must not be a regular expression");return this.indexOf(b,c||0)!==-1}});function r(a,b,c){a("https://csp.withgoogle.com/csp/proto/"+encodeURIComponent(b),JSON.stringify(c))}function t(){var a;if((a=window.ppConfig)==null?0:a.disableAllReporting)return function(){};var b,c,d,e;return(e=(b=window)==null?void 0:(c=b.navigator)==null?void 0:(d=c.sendBeacon)==null?void 0:d.bind(navigator))!=null?e:u}function u(a,b){var c=new XMLHttpRequest;c.open("POST",a);c.send(b)}\n` +
      'function v(){var a=(w=Object.prototype)==null?void 0:w.__lookupGetter__("__proto__"),b=x,c=y;return function(){var d=a.call(this),e,f,g,h;r(c,b,{type:"ACCESS_GET",origin:(f=window.location.origin)!=null?f:"unknown",report:{className:(g=d==null?void 0:(e=d.constructor)==null?void 0:e.name)!=null?g:"unknown",stackTrace:(h=Error().stack)!=null?h:"unknown"}});return d}}\n' +
      'function z(){var a=(A=Object.prototype)==null?void 0:A.__lookupSetter__("__proto__"),b=x,c=y;return function(d){d=a.call(this,d);var e,f,g,h;r(c,b,{type:"ACCESS_SET",origin:(f=window.location.origin)!=null?f:"unknown",report:{className:(g=d==null?void 0:(e=d.constructor)==null?void 0:e.name)!=null?g:"unknown",stackTrace:(h=Error().stack)!=null?h:"unknown"}});return d}}function B(a,b){C(a.productName,b);setInterval(function(){C(a.productName,b)},a.periodicReportingRateMillis)}\n' +
      'var D="constructor __defineGetter__ __defineSetter__ hasOwnProperty __lookupGetter__ __lookupSetter__ isPrototypeOf propertyIsEnumerable toString valueOf __proto__ toLocaleString x_ngfn_x".split(" "),E=D.concat,F=navigator.userAgent.match(/Firefox\\/([0-9]+)\\./),G=(!F||F.length<2?0:Number(F[1])<75)?["toSource"]:[],H;if(G instanceof Array)H=G;else{for(var I=l(G),J,K=[];!(J=I.next()).done;)K.push(J.value);H=K}var L'... 2880 more characters
  }
}
 ⚠ Compiled with warnings

./app/api/containers/clear-receivals/route.ts
Attempted import error: 'query' is not exported from '@/lib/db' (imported as 'query').

Import trace for requested module:
./app/api/containers/clear-receivals/route.ts

./app/api/containers/clear-receivals/route.ts
Attempted import error: 'query' is not exported from '@/lib/db' (imported as 'query').

Import trace for requested module:
./app/api/containers/clear-receivals/route.ts

./app/api/containers/clear-receivals/route.ts
Attempted import error: 'query' is not exported from '@/lib/db' (imported as 'query').

Import trace for requested module:
./app/api/containers/clear-receivals/route.ts

./app/api/health/route.ts
Attempted import error: 'query' is not exported from '@/lib/db' (imported as 'query').

Import trace for requested module:
./app/api/health/route.ts

   Skipping validation of types
   Skipping linting
   Collecting page data ...
   Generating static pages (0/27) ...
   Generating static pages (6/27) 
   Generating static pages (13/27) 
   Generating static pages (20/27) 
 ⚠ Entire page /reset-password deopted into client-side rendering. https://nextjs.org/docs/messages/deopted-into-client-rendering /reset-password
 ✓ Generating static pages (27/27) 
   Finalizing page optimization ...
   Collecting build traces ...

Route (app)                              Size     First Load JS
┌ λ /                                    391 B          83.4 kB
├ ○ /_not-found                          888 B          83.9 kB
├ λ /api/activity                        0 B                0 B
├ λ /api/admin/clear-receivals           0 B                0 B
├ λ /api/admin/clear-stack               0 B                0 B
├ λ /api/auth/[...nextauth]              0 B                0 B
├ λ /api/auth/reset-password             0 B                0 B
├ λ /api/auth/signup                     0 B                0 B
├ λ /api/containers                      0 B                0 B
├ λ /api/containers/[id]                 0 B                0 B
├ λ /api/containers/clear-receivals      0 B                0 B
├ λ /api/devanning                       0 B                0 B
├ λ /api/devanning/[id]                  0 B                0 B
├ λ /api/evacuation                      0 B                0 B
├ λ /api/health                          0 B                0 B
├ λ /api/import-queue                    0 B                0 B
├ λ /api/import-queue/[id]               0 B                0 B
├ λ /api/loadout                         0 B                0 B
├ λ /api/locations                       0 B                0 B
├ λ /api/profile                         0 B                0 B
├ λ /api/unstuffed                       0 B                0 B
├ λ /api/users                           0 B                0 B
├ λ /api/users/[id]                      0 B                0 B
├ ○ /auth/reset-password                 1.54 kB         154 kB
├ ○ /auth/update-password                1.75 kB         155 kB
├ ○ /dashboard                           2.98 kB         162 kB
├ ○ /dashboard/profile                   1.29 kB        94.1 kB
├ ○ /login                               1.18 kB         101 kB
├ ○ /reset-password                      1.58 kB        91.7 kB
└ ○ /signup                              1.69 kB         155 kB
+ First Load JS shared by all            83 kB
  ├ chunks/290-978d33151e40b1c1.js       27.3 kB
  ├ chunks/bf6a786c-06dd2aa6e4eea7c4.js  53.7 kB
  ├ chunks/main-app-1035ae5e6634d123.js  225 B
  └ chunks/webpack-ad825c9b2f447e98.js   1.76 kB


λ  (Server)  server-side renders at runtime (uses getInitialProps or getServerSideProps)
○  (Static)  automatically rendered as static HTML (uses no initial props)

